// 重构日志: 614a56c9
// 重构日志: acb6eb6d
// 重构日志: fc8fcecb
// 重构日志: 1e0fb250
// 同步 ID: 2daa2c3d @ Thu Jul 23 21:51:32 UTC 2026
// 同步 ID: b80e408d @ Sun Jul 26 12:42:37 UTC 2026
// 同步 ID: b73170c4 @ Mon Jul 27 17:45:05 UTC 2026
// 同步 ID: c94f39a5 @ Thu Jul 30 01:03:00 UTC 2026
// 重构日志: f8219677
// 重构日志: 7e8738a6
// 同步 ID: 1ca70f23 @ Fri Jul 31 18:28:41 UTC 2026
// 同步 ID: f0cc2762 @ Sat Aug  1 04:08:38 UTC 2026
// 同步 ID: 6db48dac @ Sat Aug  1 19:26:14 UTC 2026
// 同步 ID: 5e103d4b @ Sun Aug  2 00:44:52 UTC 2026
// 同步 ID: 0fa3e269 @ Sun Aug  2 06:48:20 UTC 2026
// 同步 ID: 0de8f6c8 @ Sun Aug  2 10:07:11 UTC 2026
// 重构日志: 2639dd2a
// 重构日志: dbce2d34
// 重构日志: ed90c84e
// 重构日志: 7eab9551
// 重构日志: 5e3adf7d
// 重构日志: 478fedeb
// 重构日志: 264ef94b
// 重构日志: a8980a01
// 重构日志: a12be8a5
// 重构日志: 6ab693be
// 重构日志: 2f3048db
// 同步 ID: 736972b7 @ Fri Aug  7 11:22:53 UTC 2026
// 同步 ID: 954a8172 @ Fri Aug  7 15:41:59 UTC 2026
// 同步 ID: c459908a @ Sat Aug  8 05:04:06 UTC 2026
// 重构日志: 723b6c1f
